// Jest Snapshot v1, https://goo.gl/fbAQLP

exports[`MyConstruct should synthesize 1`] = `
"{
}"
`;
